[wealthallianceinvestment.com/index.html]
[backblue.gif]
[fade.gif]
[index.html]
[wealthallianceinvestment.com/assets/images/link.jpg]
[wealthallianceinvestment.com/images/icon 01.svg]
[wealthallianceinvestment.com/css/pincss.css]
[wealthallianceinvestment.com/stylesheet/bootstrap.min.css]
[wealthallianceinvestment.com/stylesheet/aos.css]
[wealthallianceinvestment.com/stylesheet/font-awesome.min.css]
[wealthallianceinvestment.com/stylesheet/themify-icons.css]
[wealthallianceinvestment.com/stylesheet/swiper.css]
[wealthallianceinvestment.com/stylesheet/animate.min.css]
[wealthallianceinvestment.com/stylesheet/pe-icon-7-stroke.css]
[wealthallianceinvestment.com/stylesheet/magnific-popup.css]
[wealthallianceinvestment.com/webfont/cryptocoins.css]
[wealthallianceinvestment.com/webfont/cryptocoins-colors.css]
[wealthallianceinvestment.com/stylesheet/simple-line-icons.css]
[wealthallianceinvestment.com/images/icon01.svg]
[wealthallianceinvestment.com/index-2.html]
[wealthallianceinvestment.com/about.html]
[wealthallianceinvestment.com/estate.html]
[wealthallianceinvestment.com/gold.html]
[wealthallianceinvestment.com/crypto.html]
[wealthallianceinvestment.com/cannabis.html]
[wealthallianceinvestment.com/stock.html]
[wealthallianceinvestment.com/agriculture.html]
[wealthallianceinvestment.com/loan.html]
[wealthallianceinvestment.com/landlord.html]
[wealthallianceinvestment.com/insurance.html]
[wealthallianceinvestment.com/recovery.html]
[wealthallianceinvestment.com/cards.html]
[wealthallianceinvestment.com/bbank.html]
[wealthallianceinvestment.com/contact.html]
[wealthallianceinvestment.com/faqs.html]
[wealthallianceinvestment.com/images/prime.png]
[translate.google.com/translate_a/elementa0d8.js]
[wealthallianceinvestment.com/images/3.svg]
[wealthallianceinvestment.com/stylesheet/home.css]
[wealthallianceinvestment.com/images/pbanner.jpg]
[wealthallianceinvestment.com/images/about-pin.jpg]
[s3.tradingview.com/external-embedding/embed-widget-ticker-tape.js]
[wealthallianceinvestment.com/images/estate.jpg]
[wealthallianceinvestment.com/images/Cryptocurrency.jpg]
[wealthallianceinvestment.com/images/canniabis.jpg]
[wealthallianceinvestment.com/images/rename.jpg]
[wealthallianceinvestment.com/images/gold.jpg]
[wealthallianceinvestment.com/images/loan.jpg]
[wealthallianceinvestment.com/video-spark2905.mp4]
[wealthallianceinvestment.com/images/BG-Worldmap.png]
[wealthallianceinvestment.com/img/testi/br1.jpg]
[wealthallianceinvestment.com/img/testi/br4.jpg]
[wealthallianceinvestment.com/img/testi/bbr7.jpg]
[wealthallianceinvestment.com/img/testi/br2.jpg]
[wealthallianceinvestment.com/img/testi/br3.jpg]
[wealthallianceinvestment.com/img/testi/br6.jpg]
[wealthallianceinvestment.com/img/testi/br5.jpg]
[wealthallianceinvestment.com/video-spark.mp4]
[wealthallianceinvestment.com/img/plat2.png]
[wealthallianceinvestment.com/account/register.html]
[wealthallianceinvestment.com/terms.html]
[wealthallianceinvestment.com/js/preloader.js]
[wealthallianceinvestment.com/js/dropdown.js]
[wealthallianceinvestment.com/java/jquery.min.js]
[wealthallianceinvestment.com/java/popper.js]
[wealthallianceinvestment.com/java/bootstrap.min.js]
[wealthallianceinvestment.com/java/waypoints.min.js]
[wealthallianceinvestment.com/java/jquery.inview.js]
[wealthallianceinvestment.com/java/jquery.counterup.min.js]
[wealthallianceinvestment.com/java/jquery.magnific-popup.min.js]
[wealthallianceinvestment.com/java/aos.js]
[wealthallianceinvestment.com/java/swiper.js]
[wati-integration-prod-service.clare.ai/v2/watiWidgetf7cc.js]
[www.smartsuppchat.com/loaderd41d.js]
[wealthallianceinvestment.com/java/home.js]
[wealthallianceinvestment.com/index.html]
[wealthallianceinvestment.com/images/icon 01.svg]
[wealthallianceinvestment.com/css/pincss.css]
[wealthallianceinvestment.com/stylesheet/bootstrap.min.css]
[wealthallianceinvestment.com/stylesheet/aos.css]
[wealthallianceinvestment.com/fonts/fontawesome-webfont3e6e3e6e3e6e3e6e.eot]
[wealthallianceinvestment.com/fonts/fontawesome-webfontd41dd41dd41dd41d.eot]
[wealthallianceinvestment.com/fonts/fontawesome-webfont3e6e3e6e3e6e3e6e.woff2]
[wealthallianceinvestment.com/fonts/fontawesome-webfont3e6e3e6e3e6e3e6e.woff]
[wealthallianceinvestment.com/fonts/fontawesome-webfont3e6e3e6e3e6e3e6e.ttf]
[wealthallianceinvestment.com/fonts/fontawesome-webfont3e6e3e6e3e6e3e6e.svg]
[wealthallianceinvestment.com/fonts/Linearicons-Free54e954e954e954e9.eot]
[wealthallianceinvestment.com/fonts/Linearicons-Freed41dd41dd41dd41d.eot]
[wealthallianceinvestment.com/fonts/Linearicons-Free54e954e954e954e9.woff2]
[wealthallianceinvestment.com/fonts/Linearicons-Free54e954e954e954e9.woff]
[wealthallianceinvestment.com/fonts/Linearicons-Free54e954e954e954e9.ttf]
[wealthallianceinvestment.com/stylesheet/font-awesome.min.css]
[wealthallianceinvestment.com/fonts/Linearicons-Free54e954e954e954e9.svg]
[wealthallianceinvestment.com/fonts/themify9f249f249f249f24.eot]
[wealthallianceinvestment.com/fonts/themifyd41dd41dd41dd41d.eot]
[wealthallianceinvestment.com/fonts/themify9f249f249f249f24.woff]
[wealthallianceinvestment.com/fonts/themify9f249f249f249f24.ttf]
[wealthallianceinvestment.com/stylesheet/themify-icons.css]
[wealthallianceinvestment.com/stylesheet/swiper.css]
[wealthallianceinvestment.com/stylesheet/animate.min.css]
[wealthallianceinvestment.com/fonts/themify9f249f249f249f24.svg]
[wealthallianceinvestment.com/fonts/Pe-icon-7-strokebb1dbb1dbb1dbb1d.eot]
[wealthallianceinvestment.com/fonts/Pe-icon-7-stroked41dd41dd41dd41d.eot]
[wealthallianceinvestment.com/fonts/Pe-icon-7-strokebb1dbb1dbb1dbb1d.woff]
[wealthallianceinvestment.com/fonts/Pe-icon-7-strokebb1dbb1dbb1dbb1d.ttf]
[wealthallianceinvestment.com/stylesheet/pe-icon-7-stroke.css]
[wealthallianceinvestment.com/stylesheet/magnific-popup.css]
[wealthallianceinvestment.com/fonts/Pe-icon-7-strokebb1dbb1dbb1dbb1d.svg]
[wealthallianceinvestment.com/webfont/cryptocoins.woff2]
[wealthallianceinvestment.com/webfont/cryptocoins.woff]
[wealthallianceinvestment.com/webfont/cryptocoins.css]
[wealthallianceinvestment.com/webfont/cryptocoins-colors.css]
[wealthallianceinvestment.com/webfont/cryptocoins.ttf]
[wealthallianceinvestment.com/stylesheet/fonts/Simple-Line-Icons.eot]
[wealthallianceinvestment.com/stylesheet/fonts/Simple-Line-Iconsd41dd41dd41dd41d.eot]
[wealthallianceinvestment.com/stylesheet/fonts/Simple-Line-Icons.woff]
[wealthallianceinvestment.com/stylesheet/fonts/Simple-Line-Icons.ttf]
[wealthallianceinvestment.com/stylesheet/simple-line-icons.css]
[wealthallianceinvestment.com/style.css]
[wealthallianceinvestment.com/images/icon01.svg]
[wealthallianceinvestment.com/index-2.html]
[wealthallianceinvestment.com/stylesheet/fonts/Simple-Line-Icons.svg]
[wealthallianceinvestment.com/i.ibb.co/09t77QX/tradeon.html]
[wealthallianceinvestment.com/assets/images/favicon.html]
[wealthallianceinvestment.com/stylesheet/about.css]
[wealthallianceinvestment.com/img/blok1.jpg]
[wealthallianceinvestment.com/img/blok2.jpg]
[wealthallianceinvestment.com/img/blok3.jpg]
[wealthallianceinvestment.com/about.html]
[wealthallianceinvestment.com/images/real.jpg]
[wealthallianceinvestment.com/estate.html]
[wealthallianceinvestment.com/images/bg-gold.jpg]
[wealthallianceinvestment.com/gold.html]
[wealthallianceinvestment.com/images/bg-crypto.jpg]
[wealthallianceinvestment.com/crypto.html]
[wealthallianceinvestment.com/cannabis.html]
[wealthallianceinvestment.com/stock.html]
[wealthallianceinvestment.com/images/agric.jpg]
[wealthallianceinvestment.com/agriculture.html]
[wealthallianceinvestment.com/loan.html]
[wealthallianceinvestment.com/images/landlord.jpg]
[wealthallianceinvestment.com/landlord.html]
[wealthallianceinvestment.com/images/car.jpg]
[wealthallianceinvestment.com/insurance.html]
[wealthallianceinvestment.com/images/fund.jpg]
[wealthallianceinvestment.com/account/personal-info.html]
[wealthallianceinvestment.com/recovery.html]
[wealthallianceinvestment.com/images/card.jpg]
[wealthallianceinvestment.com/cards.html]
[wealthallianceinvestment.com/images/energy.jpg]
[wealthallianceinvestment.com/bbank.html]
[wealthallianceinvestment.com/contact.html]
[wealthallianceinvestment.com/stylesheet/contact.css]
[wealthallianceinvestment.com/faqs.html]
[wealthallianceinvestment.com/images/3.svg]
[wealthallianceinvestment.com/img/slider1.jpg]
[wealthallianceinvestment.com/img/tradeon.jpg]
[wealthallianceinvestment.com/img/slide25.jpg]
[wealthallianceinvestment.com/img/photography4.html]
[wealthallianceinvestment.com/img/layer.jpg]
[wealthallianceinvestment.com/img/embrace.jpg]
[wealthallianceinvestment.com/stylesheet/home.css]
[wealthallianceinvestment.com/account/register.html]
[wealthallianceinvestment.com/terms.html]
[wealthallianceinvestment.com/“https_/www.smartsupp.html]
[wealthallianceinvestment.com/fonts/fontawesome-webfont3e6e3e6e3e6e3e6e.svg]
[wealthallianceinvestment.com/fonts/Linearicons-Free54e954e954e954e9.svg]
[wealthallianceinvestment.com/fonts/themify9f249f249f249f24.svg]
[wealthallianceinvestment.com/fonts/Pe-icon-7-strokebb1dbb1dbb1dbb1d.svg]
[wealthallianceinvestment.com/stylesheet/fonts/Simple-Line-Icons.svg]
[wealthallianceinvestment.com/i.ibb.co/09t77QX/404.html]
[wealthallianceinvestment.com/i.ibb.co/09t77QX/tradeon.html]
[wealthallianceinvestment.com/assets/images/404.html]
[wealthallianceinvestment.com/assets/images/favicon.html]
[wealthallianceinvestment.com/img/3.jpg]
[wealthallianceinvestment.com/img/trading.jpg]
[wealthallianceinvestment.com/img/1-6.jpg]
[wealthallianceinvestment.com/stylesheet/about.css]
[wealthallianceinvestment.com/s3.tradingview.ltd/external-embedding/embed-widget-ticker-tape.html]
[wealthallianceinvestment.com/s3.tradingview.com/external-embedding/embed-widget-ticker-tape.html]
[wealthallianceinvestment.com/account/personal-info.html]
[wealthallianceinvestment.com/img/thanksy.jpg]
[wealthallianceinvestment.com/stylesheet/contact.css]
[wealthallianceinvestment.com/stylesheet/faqs.html]
[wealthallianceinvestment.com/img/photography4.html]
[wealthallianceinvestment.com/i.ibb.co/09t77QX/404.html]
[wealthallianceinvestment.com/assets/images/404.html]
